
使用设备: cpu

加载数据...
[DATALOADER] Loading folder 170743205912, folder # 1/100, time elapsed 0.00s
[DATALOADER] Extra image found at end of data, cutting it from 170743205912
[DATALOADER] Number of images and telemetry still do not match in 170743205912, skipping
[DATALOADER] Extra image found at end of data, cutting it from 170700369348
[DATALOADER] Extra image found at end of data, cutting it from 170725978329
[DATALOADER] Number of images and telemetry still do not match in 170725507255, skipping
[DATALOADER] Extra image found at end of data, cutting it from 170700246399
[DATALOADER] Loading folder 170725566753, folder # 11/100, time elapsed 3.69s
[DATALOADER] Extra image found at end of data, cutting it from 170725566753
[DATALOADER] Extra image found at end of data, cutting it from 170726878203
[DATALOADER] Extra image found at end of data, cutting it from 170726689120
[DATALOADER] Extra image found at end of data, cutting it from 170700236906
[DATALOADER] Number of images and telemetry still do not match in 170727078390, skipping
[DATALOADER] Extra image found at end of data, cutting it from 170692344508
[DATALOADER] Extra image found at end of data, cutting it from 170725687425
[DATALOADER] Number of images and telemetry still do not match in 170725687425, skipping
[DATALOADER] Loading folder 170699897724, folder # 21/100, time elapsed 7.32s
[DATALOADER] Number of images and telemetry still do not match in 170699897724, skipping
[DATALOADER] Extra image found at end of data, cutting it from 170725532836
[DATALOADER] Extra image found at end of data, cutting it from 170726473577
[DATALOADER] Extra image found at end of data, cutting it from 170725631541
[DATALOADER] Extra image found at end of data, cutting it from 170700346766
[DATALOADER] Extra image found at end of data, cutting it from 170725403764
[DATALOADER] Extra image found at end of data, cutting it from 170726131920
[DATALOADER] Loading folder 170725293151, folder # 31/100, time elapsed 10.37s
[DATALOADER] Extra image found at end of data, cutting it from 170692602150
[DATALOADER] Extra image found at end of data, cutting it from 170726723228
[DATALOADER] Extra image found at end of data, cutting it from 170692670033
[DATALOADER] Extra image found at end of data, cutting it from 170727028448
[DATALOADER] Number of images and telemetry still do not match in 170725674343, skipping
[DATALOADER] Extra image found at end of data, cutting it from 170725366886
[DATALOADER] Extra image found at end of data, cutting it from 170726164683
[DATALOADER] Loading folder 170725419842, folder # 41/100, time elapsed 14.21s
[DATALOADER] Extra image found at end of data, cutting it from 170692335583
[DATALOADER] Extra image found at end of data, cutting it from 170726361198
[DATALOADER] Extra image found at end of data, cutting it from 170700378855
[DATALOADER] Loading folder 170726264087, folder # 51/100, time elapsed 18.00s
[DATALOADER] Extra image found at end of data, cutting it from 170726264087
[DATALOADER] Extra image found at end of data, cutting it from 170726432552
[DATALOADER] Extra image found at end of data, cutting it from 170702024385
[DATALOADER] Extra image found at end of data, cutting it from 170725430539
[DATALOADER] Extra image found at end of data, cutting it from 170702092133
[DATALOADER] Extra image found at end of data, cutting it from 170727033217
[DATALOADER] Extra image found at end of data, cutting it from 170692361160
[DATALOADER] Loading folder 170700324166, folder # 61/100, time elapsed 21.04s
[DATALOADER] Extra image found at end of data, cutting it from 170700324166
[DATALOADER] Extra image found at end of data, cutting it from 170725479254
[DATALOADER] Extra image found at end of data, cutting it from 170726254574
[DATALOADER] Extra image found at end of data, cutting it from 170700387766
[DATALOADER] Extra image found at end of data, cutting it from 170726084299
[DATALOADER] Loading folder 170726408142, folder # 71/100, time elapsed 24.20s
[DATALOADER] Extra image found at end of data, cutting it from 170726408142
[DATALOADER] Extra image found at end of data, cutting it from 170743321068
[DATALOADER] Extra image found at end of data, cutting it from 170726744508
[DATALOADER] Extra image found at end of data, cutting it from 170725588169
[DATALOADER] Extra image found at end of data, cutting it from 170726939308
[DATALOADER] Extra image found at end of data, cutting it from 170726249215
[DATALOADER] Number of images and telemetry still do not match in 170726249215, skipping
[DATALOADER] Extra image found at end of data, cutting it from 170726468225
[DATALOADER] Number of images and telemetry still do not match in 170726778115, skipping
[DATALOADER] Loading folder 170726969542, folder # 81/100, time elapsed 28.11s
[DATALOADER] Extra image found at end of data, cutting it from 170726969542
[DATALOADER] Extra image found at end of data, cutting it from 170726244458
[DATALOADER] Extra image found at end of data, cutting it from 170726436703
[DATALOADER] Extra image found at end of data, cutting it from 170726217679
[DATALOADER] Extra image found at end of data, cutting it from 170692579559
[DATALOADER] Extra image found at end of data, cutting it from 170726893003
[DATALOADER] Number of images and telemetry still do not match in 170726893003, skipping
[DATALOADER] Extra image found at end of data, cutting it from 170692341541
[DATALOADER] Loading folder 170699814715, folder # 91/100, time elapsed 30.88s
[DATALOADER] Extra image found at end of data, cutting it from 170699814715
[DATALOADER] Extra image found at end of data, cutting it from 170726801133
[DATALOADER] Number of images and telemetry still do not match in 170726801133, skipping
[DATALOADER] Extra image found at end of data, cutting it from 170692610493
[DATALOADER] Extra image found at end of data, cutting it from 170726985004
[DATALOADER] Extra image found at end of data, cutting it from 170725517367
10 2848
0 0
[ANALYZER] Analyzing the data....
训练集样本数: 13023
验证集样本数: 3104
训练集: 13023, 验证集: 3104

创建模型...

模型参数量:
  VMamba: 222,208
  LSTM: 462,336
  总计: 684,931

开始训练 (20 epochs)...
Error importing huggingface_hub.hf_api: module 'lib' has no attribute 'X509_V_FLAG_NOTIFY_POLICY'
Error importing huggingface_hub.hf_api: module 'lib' has no attribute 'X509_V_FLAG_NOTIFY_POLICY'
  Epoch 1, Batch 0/407, Loss: 18.3068
  Epoch 1, Batch 50/407, Loss: 1.3111
  Epoch 1, Batch 100/407, Loss: 1.0514
  Epoch 1, Batch 150/407, Loss: 1.0175
  Epoch 1, Batch 200/407, Loss: 1.0347
  Epoch 1, Batch 250/407, Loss: 1.1719
  Epoch 1, Batch 300/407, Loss: 1.2163
  Epoch 1, Batch 350/407, Loss: 1.1933
  Epoch 1, Batch 400/407, Loss: 1.2583
Epoch 1/20 - Train Loss: 1.4038, Val Loss: 0.5448, LR: 0.003975, Time: 55.1s
  ✓ 保存最佳模型到 /root/catkin_ws/src/vitfly/experiments/mamba_branches/branch_A_vmamba_lstm/logs/A_exp02_lr4e-3_best.pth
  Epoch 2, Batch 0/407, Loss: 0.7378
  Epoch 2, Batch 50/407, Loss: 1.0468
  Epoch 2, Batch 100/407, Loss: 0.9741
  Epoch 2, Batch 150/407, Loss: 1.0481
  Epoch 2, Batch 200/407, Loss: 0.7702
  Epoch 2, Batch 250/407, Loss: 0.9836
  Epoch 2, Batch 300/407, Loss: 0.5953
  Epoch 2, Batch 350/407, Loss: 0.8068
  Epoch 2, Batch 400/407, Loss: 1.0182
Epoch 2/20 - Train Loss: 1.0152, Val Loss: 0.5827, LR: 0.003902, Time: 59.0s
  Epoch 3, Batch 0/407, Loss: 1.0520
  Epoch 3, Batch 50/407, Loss: 1.2100
  Epoch 3, Batch 100/407, Loss: 0.9392
  Epoch 3, Batch 150/407, Loss: 1.0111
  Epoch 3, Batch 200/407, Loss: 1.0319
  Epoch 3, Batch 250/407, Loss: 1.2471
  Epoch 3, Batch 300/407, Loss: 0.9152
  Epoch 3, Batch 350/407, Loss: 0.8580
  Epoch 3, Batch 400/407, Loss: 1.2106
Epoch 3/20 - Train Loss: 1.0064, Val Loss: 0.5399, LR: 0.003782, Time: 60.2s
  ✓ 保存最佳模型到 /root/catkin_ws/src/vitfly/experiments/mamba_branches/branch_A_vmamba_lstm/logs/A_exp02_lr4e-3_best.pth
  Epoch 4, Batch 0/407, Loss: 1.1213
  Epoch 4, Batch 50/407, Loss: 0.9698
  Epoch 4, Batch 100/407, Loss: 0.7510
  Epoch 4, Batch 150/407, Loss: 0.8400
  Epoch 4, Batch 200/407, Loss: 1.3812
  Epoch 4, Batch 250/407, Loss: 0.7325
