vision

[LAUNCH SCRIPT] Vision based!

ERROR: Unable to communicate with master!
ERROR: Unable to communicate with master!
ERROR: Unable to communicate with master!
ERROR: Unable to communicate with master!
rollout_1
/root/catkin_ws/src/vitfly-mambatest

[LAUNCH_EVALUATION] Sending start navigation command

ERROR: Unable to communicate with master!

[LAUNCH_EVALUATION] Sending start navigation command

ERROR: Unable to communicate with master!

[LAUNCH_EVALUATION] Sending start navigation command

ERROR: Unable to communicate with master!

[LAUNCH_EVALUATION] Sending start navigation command

ERROR: Unable to communicate with master!

[LAUNCH_EVALUATION] Sending start navigation command

ERROR: Unable to communicate with master!

[LAUNCH_EVALUATION] Sending start navigation command

ERROR: Unable to communicate with master!

[LAUNCH_EVALUATION] Sending start navigation command

ERROR: Unable to communicate with master!

[LAUNCH_EVALUATION] Sending start navigation command

ERROR: Unable to communicate with master!

[LAUNCH_EVALUATION] Sending start navigation command

ERROR: Unable to communicate with master!

[LAUNCH_EVALUATION] Sending start navigation command

ERROR: Unable to communicate with master!

[LAUNCH_EVALUATION] Sending start navigation command

ERROR: Unable to communicate with master!

[LAUNCH_EVALUATION] Sending start navigation command

ERROR: Unable to communicate with master!

[LAUNCH_EVALUATION] Sending start navigation command

ERROR: Unable to communicate with master!

[LAUNCH_EVALUATION] Sending start navigation command

ERROR: Unable to communicate with master!

[LAUNCH_EVALUATION] Sending start navigation command

ERROR: Unable to communicate with master!

[LAUNCH_EVALUATION] Sending start navigation command

ERROR: Unable to communicate with master!

[LAUNCH_EVALUATION] Sending start navigation command

ERROR: Unable to communicate with master!

[LAUNCH_EVALUATION] Sending start navigation command

ERROR: Unable to communicate with master!

[LAUNCH_EVALUATION] Sending start navigation command

ERROR: Unable to communicate with master!

[LAUNCH_EVALUATION] Sending start navigation command

ERROR: Unable to communicate with master!

[LAUNCH_EVALUATION] Sending start navigation command

ERROR: Unable to communicate with master!

[LAUNCH_EVALUATION] Sending start navigation command

ERROR: Unable to communicate with master!

[LAUNCH_EVALUATION] Sending start navigation command

ERROR: Unable to communicate with master!

[LAUNCH_EVALUATION] Sending start navigation command

ERROR: Unable to communicate with master!

[LAUNCH_EVALUATION] Sending start navigation command

ERROR: Unable to communicate with master!

[LAUNCH_EVALUATION] Sending start navigation command

ERROR: Unable to communicate with master!

[LAUNCH_EVALUATION] Sending start navigation command

ERROR: Unable to communicate with master!

[LAUNCH_EVALUATION] Sending start navigation command

ERROR: Unable to communicate with master!

[LAUNCH_EVALUATION] Sending start navigation command

ERROR: Unable to communicate with master!

[LAUNCH_EVALUATION] Sending start navigation command

ERROR: Unable to communicate with master!

[LAUNCH_EVALUATION] Sending start navigation command

ERROR: Unable to communicate with master!

[LAUNCH_EVALUATION] Sending start navigation command

ERROR: Unable to communicate with master!

[LAUNCH_EVALUATION] Sending start navigation command

ERROR: Unable to communicate with master!

[LAUNCH_EVALUATION] Sending start navigation command

ERROR: Unable to communicate with master!

[LAUNCH_EVALUATION] Sending start navigation command

ERROR: Unable to communicate with master!

[LAUNCH_EVALUATION] Sending start navigation command

ERROR: Unable to communicate with master!

[LAUNCH_EVALUATION] Sending start navigation command

ERROR: Unable to communicate with master!

[LAUNCH_EVALUATION] Sending start navigation command

ERROR: Unable to communicate with master!

[LAUNCH_EVALUATION] Sending start navigation command

ERROR: Unable to communicate with master!

[LAUNCH_EVALUATION] Sending start navigation command

ERROR: Unable to communicate with master!

[LAUNCH_EVALUATION] Sending start navigation command

ERROR: Unable to communicate with master!

[LAUNCH_EVALUATION] Sending start navigation command

ERROR: Unable to communicate with master!

[LAUNCH_EVALUATION] Sending start navigation command

ERROR: Unable to communicate with master!

[LAUNCH_EVALUATION] Sending start navigation command

ERROR: Unable to communicate with master!

[LAUNCH_EVALUATION] Sending start navigation command

ERROR: Unable to communicate with master!

[LAUNCH_EVALUATION] Sending start navigation command

ERROR: Unable to communicate with master!

[LAUNCH_EVALUATION] Sending start navigation command

ERROR: Unable to communicate with master!

[LAUNCH_EVALUATION] Sending start navigation command

ERROR: Unable to communicate with master!

[LAUNCH_EVALUATION] Sending start navigation command

ERROR: Unable to communicate with master!

[LAUNCH_EVALUATION] Sending start navigation command

ERROR: Unable to communicate with master!

[LAUNCH_EVALUATION] Sending start navigation command

ERROR: Unable to communicate with master!

[LAUNCH_EVALUATION] Sending start navigation command

ERROR: Unable to communicate with master!

[LAUNCH_EVALUATION] Sending start navigation command

ERROR: Unable to communicate with master!

[LAUNCH_EVALUATION] Sending start navigation command

ERROR: Unable to communicate with master!

[LAUNCH_EVALUATION] Sending start navigation command

ERROR: Unable to communicate with master!

[LAUNCH_EVALUATION] Sending start navigation command

ERROR: Unable to communicate with master!

[LAUNCH_EVALUATION] Sending start navigation command

ERROR: Unable to communicate with master!

[LAUNCH_EVALUATION] Sending start navigation command

ERROR: Unable to communicate with master!

[LAUNCH_EVALUATION] Sending start navigation command

ERROR: Unable to communicate with master!

[LAUNCH_EVALUATION] Sending start navigation command

ERROR: Unable to communicate with master!

[LAUNCH_EVALUATION] Sending start navigation command

ERROR: Unable to communicate with master!

[LAUNCH_EVALUATION] Sending start navigation command

ERROR: Unable to communicate with master!

[LAUNCH_EVALUATION] Sending start navigation command

ERROR: Unable to communicate with master!

[LAUNCH_EVALUATION] Sending start navigation command

ERROR: Unable to communicate with master!

[LAUNCH_EVALUATION] Sending start navigation command

ERROR: Unable to communicate with master!

[LAUNCH_EVALUATION] Sending start navigation command

ERROR: Unable to communicate with master!

[LAUNCH_EVALUATION] Sending start navigation command

ERROR: Unable to communicate with master!

[LAUNCH_EVALUATION] Sending start navigation command

ERROR: Unable to communicate with master!

[LAUNCH_EVALUATION] Sending start navigation command

ERROR: Unable to communicate with master!

[LAUNCH_EVALUATION] Sending start navigation command

ERROR: Unable to communicate with master!

[LAUNCH_EVALUATION] Sending start navigation command

ERROR: Unable to communicate with master!

[LAUNCH_EVALUATION] Sending start navigation command

ERROR: Unable to communicate with master!

[LAUNCH_EVALUATION] Sending start navigation command

ERROR: Unable to communicate with master!

[LAUNCH_EVALUATION] Sending start navigation command

ERROR: Unable to communicate with master!

[LAUNCH_EVALUATION] Sending start navigation command

ERROR: Unable to communicate with master!

[LAUNCH_EVALUATION] Sending start navigation command

ERROR: Unable to communicate with master!

[LAUNCH_EVALUATION] Sending start navigation command

ERROR: Unable to communicate with master!

[LAUNCH_EVALUATION] Sending start navigation command

ERROR: Unable to communicate with master!

[LAUNCH_EVALUATION] Sending start navigation command

ERROR: Unable to communicate with master!

[LAUNCH_EVALUATION] Sending start navigation command

ERROR: Unable to communicate with master!

[LAUNCH_EVALUATION] Sending start navigation command

ERROR: Unable to communicate with master!

[LAUNCH_EVALUATION] Sending start navigation command

ERROR: Unable to communicate with master!

[LAUNCH_EVALUATION] Sending start navigation command

ERROR: Unable to communicate with master!

[LAUNCH_EVALUATION] Sending start navigation command

ERROR: Unable to communicate with master!

[LAUNCH_EVALUATION] Sending start navigation command

ERROR: Unable to communicate with master!

[LAUNCH_EVALUATION] Sending start navigation command

ERROR: Unable to communicate with master!

[LAUNCH_EVALUATION] Sending start navigation command

ERROR: Unable to communicate with master!

[LAUNCH_EVALUATION] Sending start navigation command

ERROR: Unable to communicate with master!

[LAUNCH_EVALUATION] Sending start navigation command

ERROR: Unable to communicate with master!

[LAUNCH_EVALUATION] Sending start navigation command

ERROR: Unable to communicate with master!

[LAUNCH_EVALUATION] Sending start navigation command

ERROR: Unable to communicate with master!

[LAUNCH_EVALUATION] Sending start navigation command

ERROR: Unable to communicate with master!

[LAUNCH_EVALUATION] Sending start navigation command

ERROR: Unable to communicate with master!

[LAUNCH_EVALUATION] Sending start navigation command

ERROR: Unable to communicate with master!

[LAUNCH_EVALUATION] Sending start navigation command

ERROR: Unable to communicate with master!

[LAUNCH_EVALUATION] Sending start navigation command

ERROR: Unable to communicate with master!

[LAUNCH_EVALUATION] Sending start navigation command

ERROR: Unable to communicate with master!

[LAUNCH_EVALUATION] Sending start navigation command

ERROR: Unable to communicate with master!

[LAUNCH_EVALUATION] Sending start navigation command

ERROR: Unable to communicate with master!

[LAUNCH_EVALUATION] Sending start navigation command

ERROR: Unable to communicate with master!

[LAUNCH_EVALUATION] Sending start navigation command

ERROR: Unable to communicate with master!

[LAUNCH_EVALUATION] Sending start navigation command

ERROR: Unable to communicate with master!

[LAUNCH_EVALUATION] Sending start navigation command

ERROR: Unable to communicate with master!

[LAUNCH_EVALUATION] Sending start navigation command

ERROR: Unable to communicate with master!

[LAUNCH_EVALUATION] Sending start navigation command

ERROR: Unable to communicate with master!

[LAUNCH_EVALUATION] Sending start navigation command

ERROR: Unable to communicate with master!

[LAUNCH_EVALUATION] Sending start navigation command

ERROR: Unable to communicate with master!

[LAUNCH_EVALUATION] Sending start navigation command

ERROR: Unable to communicate with master!

[LAUNCH_EVALUATION] Sending start navigation command

ERROR: Unable to communicate with master!

[LAUNCH_EVALUATION] Sending start navigation command

ERROR: Unable to communicate with master!

[LAUNCH_EVALUATION] Sending start navigation command

ERROR: Unable to communicate with master!

[LAUNCH_EVALUATION] Sending start navigation command

ERROR: Unable to communicate with master!

[LAUNCH_EVALUATION] Sending start navigation command

ERROR: Unable to communicate with master!

[LAUNCH_EVALUATION] Sending start navigation command

ERROR: Unable to communicate with master!

[LAUNCH_EVALUATION] Sending start navigation command

ERROR: Unable to communicate with master!

[LAUNCH_EVALUATION] Sending start navigation command

ERROR: Unable to communicate with master!

[LAUNCH_EVALUATION] Sending start navigation command

ERROR: Unable to communicate with master!

[LAUNCH_EVALUATION] Sending start navigation command

ERROR: Unable to communicate with master!

[LAUNCH_EVALUATION] Sending start navigation command

ERROR: Unable to communicate with master!
./launch_mamba_evaluation.bash: line 97: 43326 Killed                  python3 evaluation_node.py ${datetime}_N$i  (wd: ~/catkin_ws/src/vitfly-mambatest/envtest/ros)
[RUN_COMPETITION] Initializing agile_pilot_node...
Unable to register with master node [http://192.168.100.100:11311]: master may not be running yet. Will keep trying.
Traceback (most recent call last):
  File "run_competition.py", line 624, in <module>
    agile_pilot_node = AgilePilotNode(vision_based=args.vision_based, model_type=args.model_type, model_path=args.model_path, desVel=args.des_vel, keyboard=args.keyboard)
  File "run_competition.py", line 56, in __init__
    rospy.init_node("agile_pilot_node", anonymous=False)
  File "/opt/ros/noetic/lib/python3/dist-packages/rospy/client.py", line 336, in init_node
    raise rospy.exceptions.ROSInitException("Failed to initialize time. Please check logs for additional details")
rospy.exceptions.ROSInitException: Failed to initialize time. Please check logs for additional details
